Loading Multiple Assets...
Merging and Synchronizing Timeline...
Simulation starting with 2081004 total events.


============================================
   MEGALODON CROSS-MARGIN BACKTEST (10 COINS)
============================================
Final Active Bal: $2853500.21
Vault Balance:    $0.00 (Harvested safely!)
Total Value:      $2853500.21
Net Profit:       $2852500.21
Max Drawdown:     $95872.10 (54.24%)
Total Fees Paid:  $3502416.13
Total Trades:     24077
Win Rate:         29.27%
Loss Rate:        70.72%
Break-Evens:      0.00%

--- 2020-H1 ---
Trades: 1412 | Period PnL: $21015.78 | End Balance: $22015.78 | Win Rate: 29.96%

--- 2020-H2 ---
Trades: 1794 | Period PnL: $126503.94 | End Balance: $148519.72 | Win Rate: 29.38%

--- 2021-H1 ---
Trades: 2013 | Period PnL: $604907.75 | End Balance: $753427.47 | Win Rate: 32.54%

--- 2021-H2 ---
Trades: 1931 | Period PnL: $392844.56 | End Balance: $1146272.04 | Win Rate: 31.28%

--- 2022-H1 ---
Trades: 1928 | Period PnL: $292507.80 | End Balance: $1438779.84 | Win Rate: 29.62%

--- 2022-H2 ---
Trades: 1754 | Period PnL: $243951.13 | End Balance: $1682730.97 | Win Rate: 28.45%

--- 2023-H1 ---
Trades: 1530 | Period PnL: $51857.95 | End Balance: $1734588.92 | Win Rate: 26.21%

--- 2023-H2 ---
Trades: 1468 | Period PnL: $35607.75 | End Balance: $1770196.66 | Win Rate: 26.16%

--- 2024-H1 ---
Trades: 2041 | Period PnL: $242034.09 | End Balance: $2012230.76 | Win Rate: 28.42%

--- 2024-H2 ---
Trades: 1999 | Period PnL: $362843.81 | End Balance: $2375074.56 | Win Rate: 29.21%

--- 2025-H1 ---
Trades: 1941 | Period PnL: $262176.92 | End Balance: $2637251.48 | Win Rate: 27.36%

--- 2025-H2 ---
Trades: 1804 | Period PnL: $201298.33 | End Balance: $2838549.80 | Win Rate: 25.50%

--- 2026-H1 ---
Trades: 1754 | Period PnL: $38819.03 | End Balance: $2877368.84 | Win Rate: 26.00%

--- 2026-H2 ---
Trades: 708 | Period PnL: $-23868.63 | End Balance: $2853500.21 | Win Rate: 24.29%

--- SYMBOL BREAKDOWN ---
ADA -> Trades: 2702 | PnL: $407055.72
BNB -> Trades: 2985 | PnL: $275740.22
XRP -> Trades: 2807 | PnL: $323877.56
LINK -> Trades: 2804 | PnL: $392286.91
DOGE -> Trades: 2710 | PnL: $241695.62
DOT -> Trades: 2273 | PnL: $294842.03
AVAX -> Trades: 2366 | PnL: $540921.06
ETH -> Trades: 2242 | PnL: $232119.96
BTC -> Trades: 2174 | PnL: $96361.24
SOL -> Trades: 1014 | PnL: $47599.91
============================================

