Loading Multiple Assets...
Merging and Synchronizing Timeline...
Simulation starting with 2081004 total events.


============================================
   MEGALODON CROSS-MARGIN BACKTEST (10 COINS)
============================================
Final Active Bal: $1928660.95
Vault Balance:    $0.00 (Harvested safely!)
Total Value:      $1928660.95
Net Profit:       $1927660.95
Max Drawdown:     $96249.94 (73.62%)
Total Fees Paid:  $2598533.58
Total Trades:     19411
Win Rate:         28.43%
Loss Rate:        71.56%
Break-Evens:      0.00%

--- 2020-H1 ---
Trades: 1069 | Period PnL: $3397.19 | End Balance: $4397.19 | Win Rate: 30.59%

--- 2020-H2 ---
Trades: 1368 | Period PnL: $27307.53 | End Balance: $31704.72 | Win Rate: 28.44%

--- 2021-H1 ---
Trades: 1465 | Period PnL: $204172.45 | End Balance: $235877.17 | Win Rate: 31.26%

--- 2021-H2 ---
Trades: 1511 | Period PnL: $296472.32 | End Balance: $532349.48 | Win Rate: 30.18%

--- 2022-H1 ---
Trades: 1497 | Period PnL: $249926.26 | End Balance: $782275.75 | Win Rate: 28.19%

--- 2022-H2 ---
Trades: 1465 | Period PnL: $170734.80 | End Balance: $953010.55 | Win Rate: 26.76%

--- 2023-H1 ---
Trades: 1236 | Period PnL: $62655.44 | End Balance: $1015665.99 | Win Rate: 26.62%

--- 2023-H2 ---
Trades: 1224 | Period PnL: $107851.72 | End Balance: $1123517.71 | Win Rate: 26.72%

--- 2024-H1 ---
Trades: 1683 | Period PnL: $175545.72 | End Balance: $1299063.43 | Win Rate: 26.86%

--- 2024-H2 ---
Trades: 1731 | Period PnL: $264512.88 | End Balance: $1563576.31 | Win Rate: 27.90%

--- 2025-H1 ---
Trades: 1567 | Period PnL: $206389.28 | End Balance: $1769965.59 | Win Rate: 27.44%

--- 2025-H2 ---
Trades: 1550 | Period PnL: $143989.74 | End Balance: $1913955.33 | Win Rate: 24.71%

--- 2026-H1 ---
Trades: 1448 | Period PnL: $34692.43 | End Balance: $1948647.76 | Win Rate: 24.59%

--- 2026-H2 ---
Trades: 597 | Period PnL: $-19986.81 | End Balance: $1928660.95 | Win Rate: 24.12%

--- SYMBOL BREAKDOWN ---
ADA -> Trades: 2080 | PnL: $321027.51
BNB -> Trades: 2267 | PnL: $128483.14
XRP -> Trades: 2100 | PnL: $142951.53
LINK -> Trades: 2139 | PnL: $268048.22
DOGE -> Trades: 2070 | PnL: $153859.90
DOT -> Trades: 1687 | PnL: $265933.06
AVAX -> Trades: 1691 | PnL: $364309.96
ETH -> Trades: 2268 | PnL: $216492.23
BTC -> Trades: 2124 | PnL: $39849.64
SOL -> Trades: 985 | PnL: $26705.77
============================================

